# Complex Kohn-Sham eigenvectors for band number        1, k-point number        2, at relative reciprocal-space coordinates:   0.00000000   0.00000000   0.50000000
#
#      Basis function ID                       State number
#    /                   \                                1                             2                             3                             4
#   /                     \                     -4.92936313                    7.02144995                   14.50349288                   24.64681566
#  /                       \                     1.00000000                    0.00000000                    0.00000000                    0.00000000
# No.  atom   type    n l   m     Re[c_il(k)]   Im[c_il(k)]     Re[c_il(k)]   Im[c_il(k)]     Re[c_il(k)]   Im[c_il(k)]     Re[c_il(k)]   Im[c_il(k)]
    1     1 atomic    1 s   0      0.52877493    0.00000000     -2.00052028    0.00000000      0.05325944    0.00000000      0.00000000    0.00000000
    2     1 hydro     2 s   0      0.10344518    0.00000000      0.53037493    0.00000000     -0.54486245    0.00000000     -0.00000000    0.00000000
    3     1 hydro     2 p  -1     -0.00000000    0.00000000      0.00000000    0.00000000     -0.00000000    0.00000000     -0.01592341    0.00000000
    4     1 hydro     2 p   0      0.02296548    0.00000000     -0.05389044    0.00000000     -0.08823055    0.00000000      0.00000000    0.00000000
    5     1 hydro     2 p   1     -0.00000000    0.00000000      0.00000000    0.00000000     -0.00000000    0.00000000     -0.56189792    0.00000000
    6     2 atomic    1 s   0      0.52877493    0.00000000      2.00052028    0.00000000      0.05325944    0.00000000     -0.00000000    0.00000000
    7     2 hydro     2 s   0      0.10344518    0.00000000     -0.53037493    0.00000000     -0.54486245    0.00000000      0.00000000    0.00000000
    8     2 hydro     2 p  -1      0.00000000    0.00000000     -0.00000000    0.00000000      0.00000000    0.00000000     -0.01592341    0.00000000
    9     2 hydro     2 p   0     -0.02296548    0.00000000     -0.05389044    0.00000000      0.08823056    0.00000000      0.00000000    0.00000000
   10     2 hydro     2 p   1     -0.00000000    0.00000000     -0.00000000    0.00000000      0.00000000    0.00000000     -0.56189792    0.00000000
